{
    "-profile test": {
        "content": [
            118,
            {
                "ASCC_MERGE_TABLES": {
                    "python": "3.11.0",
                    "ascc_merge_tables": "2.0.0"
                },
                "AUTOFILTER_AND_CHECK_ASSEMBLY": {
                    "python": "3.9.1"
                },
                "BLAST_BLASTN": {
                    "blast": "2.16.0+"
                },
                "BLAST_CHUNK_TO_FULL": {
                    "python": "3.9.1",
                    "blast_hit_chunk_coords_to_full_coords": 1.0
                },
                "BLAST_GET_TOP_HITS": {
                    "python": "3.11.0",
                    "blast_get_top_hits": "1.0.0"
                },
                "BLAST_MAKEBLASTDB": {
                    "blast": "2.16.0+"
                },
                "CHUNK_ASSEMBLY_FOR_VECSCREEN": {
                    "python": "3.12.0",
                    "chunk_assembly_for_vecscreen.py": 1.0
                },
                "CREATE_BTK_DATASET": {
                    "python": "3.9.13",
                    "create_btk_dataset": "3.0.0"
                },
                "DIAMOND_BLASTX": {
                    "diamond": "2.1.12"
                },
                "DIAMOND_BLAST_CHUNK_TO_FULL": {
                    "python": "3.9.1",
                    "blast_hit_chunk_coords_to_full_coords": 1.0
                },
                "FCSGX_RUNGX": {
                    "fcsgx": "0.5.5-9-gfc836c1"
                },
                "FCS_FCSADAPTOR_EUK": {
                    "FCS-adaptor": "0.5.0"
                },
                "FCS_FCSADAPTOR_PROK": {
                    "FCS-adaptor": "0.5.0"
                },
                "FILTER_BARCODE": {
                    "python": "3.12.0",
                    "biopython": 1.81,
                    "filter_barcode_blast_results": 1.0
                },
                "FILTER_COMMENTS": {
                    "coreutils": 9.1
                },
                "FILTER_FASTA": {
                    "python": "3.9.1",
                    "sanitise_input_fasta_file": "1.2.0",
                    "filter_fasta_by_length": "1.1.0"
                },
                "FILTER_VECSCREEN_RESULTS": {
                    "python": "3.9.1",
                    "VSlistTo1HitPerLine": 1.0
                },
                "GC_CONTENT": {
                    "python": "3.9.1",
                    "gc_content": 1.0
                },
                "GET_KMER_COUNTS": {
                    "python": "3.10.12",
                    "kcounter": "0.1.1",
                    "general_purpose_functions.py": "1.0.0",
                    "get_kmers_counts.py": 1.0
                },
                "GET_LARGEST_SCAFFOLD": {
                    "get_largest_scaffold": 2.0,
                    "coreutils": 9.1
                },
                "GET_LINEAGE_FOR_KRAKEN": {
                    "python": "3.11.0",
                    "pandas": "1.5.2",
                    "general_purpose_functions.py": "1.0.0",
                    "get_lineage_for_kraken_results.py": 1.0
                },
                "GET_LINEAGE_FOR_TOP": {
                    "python": "3.9.1",
                    "get_lineage_for_top": "1.0.0"
                },
                "GNU_SORT": {
                    "coreutils": 9.5
                },
                "KMER_COUNT_DIM_REDUCTION": {
                    "python": "3.11.8",
                    "pandas": "2.2.1",
                    "tensorflow": "2.15.0",
                    "scikit-learn": "1.4.1.post1",
                    "umap-learn": "0.5.5",
                    "matplotlib": "3.8.0",
                    "kmer_count_dim_reduction.py": 1.0
                },
                "KMER_COUNT_DIM_REDUCTION_COMBINE_CSV": {
                    "python": "3.11.0",
                    "pandas": "1.5.2",
                    "kmer_count_dim_reduction_combine_csv.py": 1.0
                },
                "KRAKEN2_KRAKEN2": {
                    "kraken2": "2.1.6",
                    "pigz": 2.8
                },
                "NCBITOOLS_VECSCREEN": {
                    "vecscreen": 1.0
                },
                "PARSE_FCSGX_RESULT": {
                    "parse_fcsgx_result": "1.0.1"
                },
                "REFORMAT_DIAMOND_OUTFMT6": {
                    "python": "3.9.1",
                    "reformat_diamond_outfmt6": 1.0
                },
                "REFORMAT_FULL_OUTFMT6": {
                    "python": "3.9.1",
                    "reformat_blast_outfmt6": "1.0.0"
                },
                "REFORMAT_TO_HITS_FILE": {
                    "python": "3.9.1",
                    "convert_to_hits": "2.0.0"
                },
                "SAMTOOLS_DICT": {
                    "samtools": "1.22.1"
                },
                "SAMTOOLS_FAIDX": {
                    "samtools": "1.22.1"
                },
                "SED_SED": {
                    "coreutils": 9.1
                },
                "SEQKIT_SLIDING": {
                    "seqkit": "2.8.0"
                },
                "SUMMARISE_VECSCREEN_OUTPUT": {
                    "python": "3.9.1",
                    "summarise_vecscreen_output.py": 1.0
                },
                "TIARA_TIARA": {
                    "tiara": "1.0.3"
                },
                "TRAILINGNS": {
                    "python": "3.12.0",
                    "trim_Ns.py": 1.0
                },
                "Workflow": {
                    "sanger-tol/ascc": "v0.5.2"
                }
            },
            [
                "asccTinyTest_V2_HAPLO",
                "asccTinyTest_V2_HAPLO/KRAKEN2",
                "asccTinyTest_V2_HAPLO/KRAKEN2/asccTinyTest_V2_HAPLO.kraken2.classifiedreads.txt",
                "asccTinyTest_V2_HAPLO/KRAKEN2/asccTinyTest_V2_HAPLO.kraken2.report.txt",
                "asccTinyTest_V2_HAPLO/KRAKEN2/asccTinyTest_V2_HAPLO_nt_kraken_lineage_file.txt",
                "asccTinyTest_V2_HAPLO/KRAKEN2/versions.yml",
                "asccTinyTest_V2_HAPLO/ascc_main_output",
                "asccTinyTest_V2_HAPLO/ascc_main_output/asccTinyTest_V2_HAPLO_contamination_check_merged_table.csv",
                "asccTinyTest_V2_HAPLO/autofilter",
                "asccTinyTest_V2_HAPLO/autofilter/asccTinyTest_V2_HAPLO_ABNORMAL_CHECK.csv",
                "asccTinyTest_V2_HAPLO/autofilter/asccTinyTest_V2_HAPLO_autofiltered.fasta",
                "asccTinyTest_V2_HAPLO/autofilter/assembly_filtering_removed_sequences.txt",
                "asccTinyTest_V2_HAPLO/autofilter/fcs-gx_alarm_indicator_file.txt",
                "asccTinyTest_V2_HAPLO/autofiltering_done_indicator_file.txt",
                "asccTinyTest_V2_HAPLO/create_btk_dataset",
                "asccTinyTest_V2_HAPLO/create_btk_dataset/btk_datasets_CBD",
                "asccTinyTest_V2_HAPLO/create_btk_dataset/btk_datasets_CBD/asccTinyTest_V2_HAPLOBTK_DS.yaml",
                "asccTinyTest_V2_HAPLO/create_btk_dataset/btk_datasets_CBD/bestsum_class.json",
                "asccTinyTest_V2_HAPLO/create_btk_dataset/btk_datasets_CBD/bestsum_class_cindex.json",
                "asccTinyTest_V2_HAPLO/create_btk_dataset/btk_datasets_CBD/bestsum_class_positions.json",
                "asccTinyTest_V2_HAPLO/create_btk_dataset/btk_datasets_CBD/bestsum_class_score.json",
                "asccTinyTest_V2_HAPLO/create_btk_dataset/btk_datasets_CBD/bestsum_family.json",
                "asccTinyTest_V2_HAPLO/create_btk_dataset/btk_datasets_CBD/bestsum_family_cindex.json",
                "asccTinyTest_V2_HAPLO/create_btk_dataset/btk_datasets_CBD/bestsum_family_positions.json",
                "asccTinyTest_V2_HAPLO/create_btk_dataset/btk_datasets_CBD/bestsum_family_score.json",
                "asccTinyTest_V2_HAPLO/create_btk_dataset/btk_datasets_CBD/bestsum_genus.json",
                "asccTinyTest_V2_HAPLO/create_btk_dataset/btk_datasets_CBD/bestsum_genus_cindex.json",
                "asccTinyTest_V2_HAPLO/create_btk_dataset/btk_datasets_CBD/bestsum_genus_positions.json",
                "asccTinyTest_V2_HAPLO/create_btk_dataset/btk_datasets_CBD/bestsum_genus_score.json",
                "asccTinyTest_V2_HAPLO/create_btk_dataset/btk_datasets_CBD/bestsum_kingdom.json",
                "asccTinyTest_V2_HAPLO/create_btk_dataset/btk_datasets_CBD/bestsum_kingdom_cindex.json",
                "asccTinyTest_V2_HAPLO/create_btk_dataset/btk_datasets_CBD/bestsum_kingdom_positions.json",
                "asccTinyTest_V2_HAPLO/create_btk_dataset/btk_datasets_CBD/bestsum_kingdom_score.json",
                "asccTinyTest_V2_HAPLO/create_btk_dataset/btk_datasets_CBD/bestsum_order.json",
                "asccTinyTest_V2_HAPLO/create_btk_dataset/btk_datasets_CBD/bestsum_order_cindex.json",
                "asccTinyTest_V2_HAPLO/create_btk_dataset/btk_datasets_CBD/bestsum_order_positions.json",
                "asccTinyTest_V2_HAPLO/create_btk_dataset/btk_datasets_CBD/bestsum_order_score.json",
                "asccTinyTest_V2_HAPLO/create_btk_dataset/btk_datasets_CBD/bestsum_phylum.json",
                "asccTinyTest_V2_HAPLO/create_btk_dataset/btk_datasets_CBD/bestsum_phylum_cindex.json",
                "asccTinyTest_V2_HAPLO/create_btk_dataset/btk_datasets_CBD/bestsum_phylum_positions.json",
                "asccTinyTest_V2_HAPLO/create_btk_dataset/btk_datasets_CBD/bestsum_phylum_score.json",
                "asccTinyTest_V2_HAPLO/create_btk_dataset/btk_datasets_CBD/bestsum_positions.json",
                "asccTinyTest_V2_HAPLO/create_btk_dataset/btk_datasets_CBD/bestsum_species.json",
                "asccTinyTest_V2_HAPLO/create_btk_dataset/btk_datasets_CBD/bestsum_species_cindex.json",
                "asccTinyTest_V2_HAPLO/create_btk_dataset/btk_datasets_CBD/bestsum_species_positions.json",
                "asccTinyTest_V2_HAPLO/create_btk_dataset/btk_datasets_CBD/bestsum_species_score.json",
                "asccTinyTest_V2_HAPLO/create_btk_dataset/btk_datasets_CBD/bestsum_superkingdom.json",
                "asccTinyTest_V2_HAPLO/create_btk_dataset/btk_datasets_CBD/bestsum_superkingdom_cindex.json",
                "asccTinyTest_V2_HAPLO/create_btk_dataset/btk_datasets_CBD/bestsum_superkingdom_positions.json",
                "asccTinyTest_V2_HAPLO/create_btk_dataset/btk_datasets_CBD/bestsum_superkingdom_score.json",
                "asccTinyTest_V2_HAPLO/create_btk_dataset/btk_datasets_CBD/embedding_dim_1_PCA.json",
                "asccTinyTest_V2_HAPLO/create_btk_dataset/btk_datasets_CBD/embedding_dim_1_random_trees.json",
                "asccTinyTest_V2_HAPLO/create_btk_dataset/btk_datasets_CBD/embedding_dim_2_PCA.json",
                "asccTinyTest_V2_HAPLO/create_btk_dataset/btk_datasets_CBD/embedding_dim_2_random_trees.json",
                "asccTinyTest_V2_HAPLO/create_btk_dataset/btk_datasets_CBD/fcs_gx_action.json",
                "asccTinyTest_V2_HAPLO/create_btk_dataset/btk_datasets_CBD/fcs_gx_coverage_by_div.json",
                "asccTinyTest_V2_HAPLO/create_btk_dataset/btk_datasets_CBD/fcs_gx_coverage_by_tax.json",
                "asccTinyTest_V2_HAPLO/create_btk_dataset/btk_datasets_CBD/fcs_gx_div.json",
                "asccTinyTest_V2_HAPLO/create_btk_dataset/btk_datasets_CBD/fcs_gx_score.json",
                "asccTinyTest_V2_HAPLO/create_btk_dataset/btk_datasets_CBD/fcs_gx_top_tax_name.json",
                "asccTinyTest_V2_HAPLO/create_btk_dataset/btk_datasets_CBD/gc.json",
                "asccTinyTest_V2_HAPLO/create_btk_dataset/btk_datasets_CBD/identifiers.json",
                "asccTinyTest_V2_HAPLO/create_btk_dataset/btk_datasets_CBD/length.json",
                "asccTinyTest_V2_HAPLO/create_btk_dataset/btk_datasets_CBD/meta.json",
                "asccTinyTest_V2_HAPLO/create_btk_dataset/btk_datasets_CBD/ncount.json",
                "asccTinyTest_V2_HAPLO/create_btk_dataset/btk_datasets_CBD/nt_kraken_class.json",
                "asccTinyTest_V2_HAPLO/create_btk_dataset/btk_datasets_CBD/nt_kraken_domain.json",
                "asccTinyTest_V2_HAPLO/create_btk_dataset/btk_datasets_CBD/nt_kraken_family.json",
                "asccTinyTest_V2_HAPLO/create_btk_dataset/btk_datasets_CBD/nt_kraken_genus.json",
                "asccTinyTest_V2_HAPLO/create_btk_dataset/btk_datasets_CBD/nt_kraken_kingdom.json",
                "asccTinyTest_V2_HAPLO/create_btk_dataset/btk_datasets_CBD/nt_kraken_order.json",
                "asccTinyTest_V2_HAPLO/create_btk_dataset/btk_datasets_CBD/nt_kraken_phylum.json",
                "asccTinyTest_V2_HAPLO/create_btk_dataset/btk_datasets_CBD/nt_kraken_species.json",
                "asccTinyTest_V2_HAPLO/create_btk_dataset/btk_datasets_CBD/tiara.json",
                "asccTinyTest_V2_HAPLO/create_btk_dataset/btk_summary_table_full.tsv",
                "asccTinyTest_V2_HAPLO/fcs_adaptor",
                "asccTinyTest_V2_HAPLO/fcs_adaptor/asccTinyTest_V2_HAPLO_euk.cleaned_sequences.fa.gz",
                "asccTinyTest_V2_HAPLO/fcs_adaptor/asccTinyTest_V2_HAPLO_euk.fcs_adaptor.log",
                "asccTinyTest_V2_HAPLO/fcs_adaptor/asccTinyTest_V2_HAPLO_euk.fcs_adaptor_report.txt",
                "asccTinyTest_V2_HAPLO/fcs_adaptor/asccTinyTest_V2_HAPLO_euk.pipeline_args.yaml",
                "asccTinyTest_V2_HAPLO/fcs_adaptor/asccTinyTest_V2_HAPLO_euk.skipped_trims.jsonl",
                "asccTinyTest_V2_HAPLO/fcs_adaptor/asccTinyTest_V2_HAPLO_prok.cleaned_sequences.fa.gz",
                "asccTinyTest_V2_HAPLO/fcs_adaptor/asccTinyTest_V2_HAPLO_prok.fcs_adaptor.log",
                "asccTinyTest_V2_HAPLO/fcs_adaptor/asccTinyTest_V2_HAPLO_prok.fcs_adaptor_report.txt",
                "asccTinyTest_V2_HAPLO/fcs_adaptor/asccTinyTest_V2_HAPLO_prok.pipeline_args.yaml",
                "asccTinyTest_V2_HAPLO/fcs_adaptor/asccTinyTest_V2_HAPLO_prok.skipped_trims.jsonl",
                "asccTinyTest_V2_HAPLO/fcsgx_data",
                "asccTinyTest_V2_HAPLO/fcsgx_data/asccTinyTest_V2_HAPLO.fcs_gx_report.txt",
                "asccTinyTest_V2_HAPLO/fcsgx_data/asccTinyTest_V2_HAPLO.summary.txt",
                "asccTinyTest_V2_HAPLO/fcsgx_data/asccTinyTest_V2_HAPLO.taxonomy.rpt",
                "asccTinyTest_V2_HAPLO/fcsgx_data/asccTinyTest_V2_HAPLO_parsed_fcsgx.csv",
                "asccTinyTest_V2_HAPLO/filter_barcode",
                "asccTinyTest_V2_HAPLO/filter_barcode/asccTinyTest_V2_HAPLO_bc2001_filtered.txt",
                "asccTinyTest_V2_HAPLO/filter_barcode/asccTinyTest_V2_HAPLO_bc2009_filtered.txt",
                "asccTinyTest_V2_HAPLO/filtered_fasta",
                "asccTinyTest_V2_HAPLO/filtered_fasta/asccTinyTest_V2_HAPLO_filtered.fasta",
                "asccTinyTest_V2_HAPLO/gc_content",
                "asccTinyTest_V2_HAPLO/gc_content/asccTinyTest_V2_HAPLO-GC_CONTENT.txt",
                "asccTinyTest_V2_HAPLO/kmer_data",
                "asccTinyTest_V2_HAPLO/kmer_data/asccTinyTest_V2_HAPLO_KMER_COUNTS.csv",
                "asccTinyTest_V2_HAPLO/kmer_data/asccTinyTest_V2_HAPLO_kmers_dim_reduction_embeddings_combined.csv",
                "asccTinyTest_V2_HAPLO/summarise_vecscreen_output",
                "asccTinyTest_V2_HAPLO/summarise_vecscreen_output/asccTinyTest_V2_HAPLO.vecscreen_contamination",
                "asccTinyTest_V2_HAPLO/tiara_raw_output",
                "asccTinyTest_V2_HAPLO/tiara_raw_output/asccTinyTest_V2_HAPLO.txt",
                "asccTinyTest_V2_HAPLO/tiara_raw_output/log_asccTinyTest_V2_HAPLO.txt",
                "asccTinyTest_V2_HAPLO/trailingns",
                "asccTinyTest_V2_HAPLO/trailingns/asccTinyTest_V2_HAPLO_trim_Ns",
                "asccTinyTest_V2_MITO",
                "asccTinyTest_V2_MITO/KRAKEN2",
                "asccTinyTest_V2_MITO/KRAKEN2/asccTinyTest_V2_MITO.kraken2.classifiedreads.txt",
                "asccTinyTest_V2_MITO/KRAKEN2/asccTinyTest_V2_MITO.kraken2.report.txt",
                "asccTinyTest_V2_MITO/KRAKEN2/asccTinyTest_V2_MITO_nt_kraken_lineage_file.txt",
                "asccTinyTest_V2_MITO/KRAKEN2/versions.yml",
                "asccTinyTest_V2_MITO/create_btk_dataset",
                "asccTinyTest_V2_MITO/create_btk_dataset/btk_datasets_CBD",
                "asccTinyTest_V2_MITO/create_btk_dataset/btk_datasets_CBD/asccTinyTest_V2_MITOBTK_DS.yaml",
                "asccTinyTest_V2_MITO/create_btk_dataset/btk_datasets_CBD/gc.json",
                "asccTinyTest_V2_MITO/create_btk_dataset/btk_datasets_CBD/identifiers.json",
                "asccTinyTest_V2_MITO/create_btk_dataset/btk_datasets_CBD/length.json",
                "asccTinyTest_V2_MITO/create_btk_dataset/btk_datasets_CBD/meta.json",
                "asccTinyTest_V2_MITO/create_btk_dataset/btk_datasets_CBD/ncount.json",
                "asccTinyTest_V2_MITO/create_btk_dataset/btk_datasets_CBD/nt_kraken_class.json",
                "asccTinyTest_V2_MITO/create_btk_dataset/btk_datasets_CBD/nt_kraken_domain.json",
                "asccTinyTest_V2_MITO/create_btk_dataset/btk_datasets_CBD/nt_kraken_family.json",
                "asccTinyTest_V2_MITO/create_btk_dataset/btk_datasets_CBD/nt_kraken_genus.json",
                "asccTinyTest_V2_MITO/create_btk_dataset/btk_datasets_CBD/nt_kraken_kingdom.json",
                "asccTinyTest_V2_MITO/create_btk_dataset/btk_datasets_CBD/nt_kraken_order.json",
                "asccTinyTest_V2_MITO/create_btk_dataset/btk_datasets_CBD/nt_kraken_phylum.json",
                "asccTinyTest_V2_MITO/create_btk_dataset/btk_datasets_CBD/nt_kraken_species.json",
                "asccTinyTest_V2_MITO/create_btk_dataset/btk_datasets_CBD/tiara.json",
                "asccTinyTest_V2_MITO/create_btk_dataset/btk_summary_table_full.tsv",
                "asccTinyTest_V2_MITO/fcs_adaptor",
                "asccTinyTest_V2_MITO/fcs_adaptor/asccTinyTest_V2_MITO_euk.fcs_adaptor.log",
                "asccTinyTest_V2_MITO/fcs_adaptor/asccTinyTest_V2_MITO_euk.fcs_adaptor_report.txt",
                "asccTinyTest_V2_MITO/fcs_adaptor/asccTinyTest_V2_MITO_euk.pipeline_args.yaml",
                "asccTinyTest_V2_MITO/fcs_adaptor/asccTinyTest_V2_MITO_euk.skipped_trims.jsonl",
                "asccTinyTest_V2_MITO/fcs_adaptor/asccTinyTest_V2_MITO_prok.fcs_adaptor.log",
                "asccTinyTest_V2_MITO/fcs_adaptor/asccTinyTest_V2_MITO_prok.fcs_adaptor_report.txt",
                "asccTinyTest_V2_MITO/fcs_adaptor/asccTinyTest_V2_MITO_prok.pipeline_args.yaml",
                "asccTinyTest_V2_MITO/fcs_adaptor/asccTinyTest_V2_MITO_prok.skipped_trims.jsonl",
                "asccTinyTest_V2_MITO/fcsgx_data",
                "asccTinyTest_V2_MITO/fcsgx_data/asccTinyTest_V2_MITO.fcs_gx_report.txt",
                "asccTinyTest_V2_MITO/fcsgx_data/asccTinyTest_V2_MITO.summary.txt",
                "asccTinyTest_V2_MITO/fcsgx_data/asccTinyTest_V2_MITO.taxonomy.rpt",
                "asccTinyTest_V2_MITO/fcsgx_data/asccTinyTest_V2_MITO_parsed_fcsgx.csv",
                "asccTinyTest_V2_MITO/filter_barcode",
                "asccTinyTest_V2_MITO/filter_barcode/asccTinyTest_V2_MITO_bc2001_filtered.txt",
                "asccTinyTest_V2_MITO/filter_barcode/asccTinyTest_V2_MITO_bc2009_filtered.txt",
                "asccTinyTest_V2_MITO/filtered_fasta",
                "asccTinyTest_V2_MITO/filtered_fasta/asccTinyTest_V2_MITO_filtered.fasta",
                "asccTinyTest_V2_MITO/gc_content",
                "asccTinyTest_V2_MITO/gc_content/asccTinyTest_V2_MITO-GC_CONTENT.txt",
                "asccTinyTest_V2_MITO/summarise_vecscreen_output",
                "asccTinyTest_V2_MITO/summarise_vecscreen_output/asccTinyTest_V2_MITO.vecscreen_contamination",
                "asccTinyTest_V2_MITO/tiara_raw_output",
                "asccTinyTest_V2_MITO/tiara_raw_output/asccTinyTest_V2_MITO.txt",
                "asccTinyTest_V2_MITO/tiara_raw_output/log_asccTinyTest_V2_MITO.txt",
                "asccTinyTest_V2_MITO/trailingns",
                "asccTinyTest_V2_MITO/trailingns/asccTinyTest_V2_MITO_trim_Ns",
                "asccTinyTest_V2_PRIMARY",
                "asccTinyTest_V2_PRIMARY/KRAKEN2",
                "asccTinyTest_V2_PRIMARY/KRAKEN2/asccTinyTest_V2_PRIMARY.kraken2.classifiedreads.txt",
                "asccTinyTest_V2_PRIMARY/KRAKEN2/asccTinyTest_V2_PRIMARY.kraken2.report.txt",
                "asccTinyTest_V2_PRIMARY/KRAKEN2/asccTinyTest_V2_PRIMARY_nt_kraken_lineage_file.txt",
                "asccTinyTest_V2_PRIMARY/KRAKEN2/versions.yml",
                "asccTinyTest_V2_PRIMARY/ascc_main_output",
                "asccTinyTest_V2_PRIMARY/ascc_main_output/asccTinyTest_V2_PRIMARY_contamination_check_merged_table.csv",
                "asccTinyTest_V2_PRIMARY/autofilter",
                "asccTinyTest_V2_PRIMARY/autofilter/asccTinyTest_V2_PRIMARY_ABNORMAL_CHECK.csv",
                "asccTinyTest_V2_PRIMARY/autofilter/asccTinyTest_V2_PRIMARY_autofiltered.fasta",
                "asccTinyTest_V2_PRIMARY/autofilter/assembly_filtering_removed_sequences.txt",
                "asccTinyTest_V2_PRIMARY/autofilter/fcs-gx_alarm_indicator_file.txt",
                "asccTinyTest_V2_PRIMARY/autofiltering_done_indicator_file.txt",
                "asccTinyTest_V2_PRIMARY/create_btk_dataset",
                "asccTinyTest_V2_PRIMARY/create_btk_dataset/btk_datasets_CBD",
                "asccTinyTest_V2_PRIMARY/create_btk_dataset/btk_datasets_CBD/asccTinyTest_V2_PRIMARYBTK_DS.yaml",
                "asccTinyTest_V2_PRIMARY/create_btk_dataset/btk_datasets_CBD/bestsum_class.json",
                "asccTinyTest_V2_PRIMARY/create_btk_dataset/btk_datasets_CBD/bestsum_class_cindex.json",
                "asccTinyTest_V2_PRIMARY/create_btk_dataset/btk_datasets_CBD/bestsum_class_positions.json",
                "asccTinyTest_V2_PRIMARY/create_btk_dataset/btk_datasets_CBD/bestsum_class_score.json",
                "asccTinyTest_V2_PRIMARY/create_btk_dataset/btk_datasets_CBD/bestsum_family.json",
                "asccTinyTest_V2_PRIMARY/create_btk_dataset/btk_datasets_CBD/bestsum_family_cindex.json",
                "asccTinyTest_V2_PRIMARY/create_btk_dataset/btk_datasets_CBD/bestsum_family_positions.json",
                "asccTinyTest_V2_PRIMARY/create_btk_dataset/btk_datasets_CBD/bestsum_family_score.json",
                "asccTinyTest_V2_PRIMARY/create_btk_dataset/btk_datasets_CBD/bestsum_genus.json",
                "asccTinyTest_V2_PRIMARY/create_btk_dataset/btk_datasets_CBD/bestsum_genus_cindex.json",
                "asccTinyTest_V2_PRIMARY/create_btk_dataset/btk_datasets_CBD/bestsum_genus_positions.json",
                "asccTinyTest_V2_PRIMARY/create_btk_dataset/btk_datasets_CBD/bestsum_genus_score.json",
                "asccTinyTest_V2_PRIMARY/create_btk_dataset/btk_datasets_CBD/bestsum_kingdom.json",
                "asccTinyTest_V2_PRIMARY/create_btk_dataset/btk_datasets_CBD/bestsum_kingdom_cindex.json",
                "asccTinyTest_V2_PRIMARY/create_btk_dataset/btk_datasets_CBD/bestsum_kingdom_positions.json",
                "asccTinyTest_V2_PRIMARY/create_btk_dataset/btk_datasets_CBD/bestsum_kingdom_score.json",
                "asccTinyTest_V2_PRIMARY/create_btk_dataset/btk_datasets_CBD/bestsum_order.json",
                "asccTinyTest_V2_PRIMARY/create_btk_dataset/btk_datasets_CBD/bestsum_order_cindex.json",
                "asccTinyTest_V2_PRIMARY/create_btk_dataset/btk_datasets_CBD/bestsum_order_positions.json",
                "asccTinyTest_V2_PRIMARY/create_btk_dataset/btk_datasets_CBD/bestsum_order_score.json",
                "asccTinyTest_V2_PRIMARY/create_btk_dataset/btk_datasets_CBD/bestsum_phylum.json",
                "asccTinyTest_V2_PRIMARY/create_btk_dataset/btk_datasets_CBD/bestsum_phylum_cindex.json",
                "asccTinyTest_V2_PRIMARY/create_btk_dataset/btk_datasets_CBD/bestsum_phylum_positions.json",
                "asccTinyTest_V2_PRIMARY/create_btk_dataset/btk_datasets_CBD/bestsum_phylum_score.json",
                "asccTinyTest_V2_PRIMARY/create_btk_dataset/btk_datasets_CBD/bestsum_positions.json",
                "asccTinyTest_V2_PRIMARY/create_btk_dataset/btk_datasets_CBD/bestsum_species.json",
                "asccTinyTest_V2_PRIMARY/create_btk_dataset/btk_datasets_CBD/bestsum_species_cindex.json",
                "asccTinyTest_V2_PRIMARY/create_btk_dataset/btk_datasets_CBD/bestsum_species_positions.json",
                "asccTinyTest_V2_PRIMARY/create_btk_dataset/btk_datasets_CBD/bestsum_species_score.json",
                "asccTinyTest_V2_PRIMARY/create_btk_dataset/btk_datasets_CBD/bestsum_superkingdom.json",
                "asccTinyTest_V2_PRIMARY/create_btk_dataset/btk_datasets_CBD/bestsum_superkingdom_cindex.json",
                "asccTinyTest_V2_PRIMARY/create_btk_dataset/btk_datasets_CBD/bestsum_superkingdom_positions.json",
                "asccTinyTest_V2_PRIMARY/create_btk_dataset/btk_datasets_CBD/bestsum_superkingdom_score.json",
                "asccTinyTest_V2_PRIMARY/create_btk_dataset/btk_datasets_CBD/embedding_dim_1_PCA.json",
                "asccTinyTest_V2_PRIMARY/create_btk_dataset/btk_datasets_CBD/embedding_dim_1_random_trees.json",
                "asccTinyTest_V2_PRIMARY/create_btk_dataset/btk_datasets_CBD/embedding_dim_2_PCA.json",
                "asccTinyTest_V2_PRIMARY/create_btk_dataset/btk_datasets_CBD/embedding_dim_2_random_trees.json",
                "asccTinyTest_V2_PRIMARY/create_btk_dataset/btk_datasets_CBD/fcs_gx_action.json",
                "asccTinyTest_V2_PRIMARY/create_btk_dataset/btk_datasets_CBD/fcs_gx_coverage_by_div.json",
                "asccTinyTest_V2_PRIMARY/create_btk_dataset/btk_datasets_CBD/fcs_gx_coverage_by_tax.json",
                "asccTinyTest_V2_PRIMARY/create_btk_dataset/btk_datasets_CBD/fcs_gx_div.json",
                "asccTinyTest_V2_PRIMARY/create_btk_dataset/btk_datasets_CBD/fcs_gx_score.json",
                "asccTinyTest_V2_PRIMARY/create_btk_dataset/btk_datasets_CBD/fcs_gx_top_tax_name.json",
                "asccTinyTest_V2_PRIMARY/create_btk_dataset/btk_datasets_CBD/gc.json",
                "asccTinyTest_V2_PRIMARY/create_btk_dataset/btk_datasets_CBD/identifiers.json",
                "asccTinyTest_V2_PRIMARY/create_btk_dataset/btk_datasets_CBD/length.json",
                "asccTinyTest_V2_PRIMARY/create_btk_dataset/btk_datasets_CBD/meta.json",
                "asccTinyTest_V2_PRIMARY/create_btk_dataset/btk_datasets_CBD/ncount.json",
                "asccTinyTest_V2_PRIMARY/create_btk_dataset/btk_datasets_CBD/nt_kraken_class.json",
                "asccTinyTest_V2_PRIMARY/create_btk_dataset/btk_datasets_CBD/nt_kraken_domain.json",
                "asccTinyTest_V2_PRIMARY/create_btk_dataset/btk_datasets_CBD/nt_kraken_family.json",
                "asccTinyTest_V2_PRIMARY/create_btk_dataset/btk_datasets_CBD/nt_kraken_genus.json",
                "asccTinyTest_V2_PRIMARY/create_btk_dataset/btk_datasets_CBD/nt_kraken_kingdom.json",
                "asccTinyTest_V2_PRIMARY/create_btk_dataset/btk_datasets_CBD/nt_kraken_order.json",
                "asccTinyTest_V2_PRIMARY/create_btk_dataset/btk_datasets_CBD/nt_kraken_phylum.json",
                "asccTinyTest_V2_PRIMARY/create_btk_dataset/btk_datasets_CBD/nt_kraken_species.json",
                "asccTinyTest_V2_PRIMARY/create_btk_dataset/btk_datasets_CBD/tiara.json",
                "asccTinyTest_V2_PRIMARY/create_btk_dataset/btk_summary_table_full.tsv",
                "asccTinyTest_V2_PRIMARY/fcs_adaptor",
                "asccTinyTest_V2_PRIMARY/fcs_adaptor/asccTinyTest_V2_PRIMARY_euk.cleaned_sequences.fa.gz",
                "asccTinyTest_V2_PRIMARY/fcs_adaptor/asccTinyTest_V2_PRIMARY_euk.fcs_adaptor.log",
                "asccTinyTest_V2_PRIMARY/fcs_adaptor/asccTinyTest_V2_PRIMARY_euk.fcs_adaptor_report.txt",
                "asccTinyTest_V2_PRIMARY/fcs_adaptor/asccTinyTest_V2_PRIMARY_euk.pipeline_args.yaml",
                "asccTinyTest_V2_PRIMARY/fcs_adaptor/asccTinyTest_V2_PRIMARY_euk.skipped_trims.jsonl",
                "asccTinyTest_V2_PRIMARY/fcs_adaptor/asccTinyTest_V2_PRIMARY_prok.cleaned_sequences.fa.gz",
                "asccTinyTest_V2_PRIMARY/fcs_adaptor/asccTinyTest_V2_PRIMARY_prok.fcs_adaptor.log",
                "asccTinyTest_V2_PRIMARY/fcs_adaptor/asccTinyTest_V2_PRIMARY_prok.fcs_adaptor_report.txt",
                "asccTinyTest_V2_PRIMARY/fcs_adaptor/asccTinyTest_V2_PRIMARY_prok.pipeline_args.yaml",
                "asccTinyTest_V2_PRIMARY/fcs_adaptor/asccTinyTest_V2_PRIMARY_prok.skipped_trims.jsonl",
                "asccTinyTest_V2_PRIMARY/fcsgx_data",
                "asccTinyTest_V2_PRIMARY/fcsgx_data/asccTinyTest_V2_PRIMARY.fcs_gx_report.txt",
                "asccTinyTest_V2_PRIMARY/fcsgx_data/asccTinyTest_V2_PRIMARY.summary.txt",
                "asccTinyTest_V2_PRIMARY/fcsgx_data/asccTinyTest_V2_PRIMARY.taxonomy.rpt",
                "asccTinyTest_V2_PRIMARY/fcsgx_data/asccTinyTest_V2_PRIMARY_parsed_fcsgx.csv",
                "asccTinyTest_V2_PRIMARY/filter_barcode",
                "asccTinyTest_V2_PRIMARY/filter_barcode/asccTinyTest_V2_PRIMARY_bc2001_filtered.txt",
                "asccTinyTest_V2_PRIMARY/filter_barcode/asccTinyTest_V2_PRIMARY_bc2009_filtered.txt",
                "asccTinyTest_V2_PRIMARY/filtered_fasta",
                "asccTinyTest_V2_PRIMARY/filtered_fasta/asccTinyTest_V2_PRIMARY_filtered.fasta",
                "asccTinyTest_V2_PRIMARY/gc_content",
                "asccTinyTest_V2_PRIMARY/gc_content/asccTinyTest_V2_PRIMARY-GC_CONTENT.txt",
                "asccTinyTest_V2_PRIMARY/kmer_data",
                "asccTinyTest_V2_PRIMARY/kmer_data/asccTinyTest_V2_PRIMARY_KMER_COUNTS.csv",
                "asccTinyTest_V2_PRIMARY/kmer_data/asccTinyTest_V2_PRIMARY_kmers_dim_reduction_embeddings_combined.csv",
                "asccTinyTest_V2_PRIMARY/summarise_vecscreen_output",
                "asccTinyTest_V2_PRIMARY/summarise_vecscreen_output/asccTinyTest_V2_PRIMARY.vecscreen_contamination",
                "asccTinyTest_V2_PRIMARY/tiara_raw_output",
                "asccTinyTest_V2_PRIMARY/tiara_raw_output/asccTinyTest_V2_PRIMARY.txt",
                "asccTinyTest_V2_PRIMARY/tiara_raw_output/log_asccTinyTest_V2_PRIMARY.txt",
                "asccTinyTest_V2_PRIMARY/trailingns",
                "asccTinyTest_V2_PRIMARY/trailingns/asccTinyTest_V2_PRIMARY_trim_Ns",
                "pipeline_info",
                "pipeline_info/ascc_software_versions.yml",
                "workflow_completed.txt"
            ],
            true,
            true,
            [
                "autofiltering_done_indicator_file.txt:md5,d41d8cd98f00b204e9800998ecf8427e",
                "autofiltering_done_indicator_file.txt:md5,d41d8cd98f00b204e9800998ecf8427e"
            ],
            true,
            [
                "asccTinyTest_V2_HAPLO_autofiltered.fasta:md5,839828aa5f7a3db4cc4a9e4c92809fb3",
                "asccTinyTest_V2_PRIMARY_autofiltered.fasta:md5,839828aa5f7a3db4cc4a9e4c92809fb3"
            ],
            true,
            [
                "asccTinyTest_V2_HAPLO_ABNORMAL_CHECK.csv:md5,e434d63b0cffbc530a2dbf79758b95d6",
                "assembly_filtering_removed_sequences.txt:md5,d41d8cd98f00b204e9800998ecf8427e",
                "fcs-gx_alarm_indicator_file.txt:md5,912dc11ad86f82d2020f152411fec508",
                "asccTinyTest_V2_PRIMARY_ABNORMAL_CHECK.csv:md5,e434d63b0cffbc530a2dbf79758b95d6",
                "assembly_filtering_removed_sequences.txt:md5,d41d8cd98f00b204e9800998ecf8427e",
                "fcs-gx_alarm_indicator_file.txt:md5,4e51ff92a0dd9a35d81b02e5d2b8b627"
            ],
            true,
            [
                "asccTinyTest_V2_HAPLOBTK_DS.yaml:md5,d5e5c9fe71f5e68395d0f5b9201c3d62",
                "bestsum_class.json:md5,26a1c0d48c700a6de894e965ba377b7f",
                "bestsum_class_cindex.json:md5,e29edfb7604484146598087e63377e15",
                "bestsum_class_positions.json:md5,76bed5fb55ece0f63acd5ed8f2de736a",
                "bestsum_class_score.json:md5,12c32683cdf5ff8ac9f3316236379f01",
                "bestsum_family.json:md5,d8c82f68f8045c11bc9c4a2c6dfabfd1",
                "bestsum_family_cindex.json:md5,e29edfb7604484146598087e63377e15",
                "bestsum_family_positions.json:md5,8761fc8dad4cb62b704c4c5c047774af",
                "bestsum_family_score.json:md5,12c32683cdf5ff8ac9f3316236379f01",
                "bestsum_genus.json:md5,e99f7a879d6fe7df0f8f641ca24fb287",
                "bestsum_genus_cindex.json:md5,e29edfb7604484146598087e63377e15",
                "bestsum_genus_positions.json:md5,0c46818373756a0b8ae9b43c42d52e11",
                "bestsum_genus_score.json:md5,5be4214343d0f1b0466ea0165a6b5e34",
                "bestsum_kingdom.json:md5,ec5570411cf0fb42d69192401e2fe15b",
                "bestsum_kingdom_cindex.json:md5,e29edfb7604484146598087e63377e15",
                "bestsum_kingdom_positions.json:md5,b64d7edafd13647ac54a28401dd8ae8b",
                "bestsum_kingdom_score.json:md5,e29edfb7604484146598087e63377e15",
                "bestsum_order.json:md5,bd078e2c6da142924702eb1da6e842bf",
                "bestsum_order_cindex.json:md5,e29edfb7604484146598087e63377e15",
                "bestsum_order_positions.json:md5,3d8d82566739839271828a4bac1e4948",
                "bestsum_order_score.json:md5,12c32683cdf5ff8ac9f3316236379f01",
                "bestsum_phylum.json:md5,1568082e5833ca21323745186dc8dae6",
                "bestsum_phylum_cindex.json:md5,e29edfb7604484146598087e63377e15",
                "bestsum_phylum_positions.json:md5,25efc9dd2aec25adcccf4b195a1aa265",
                "bestsum_phylum_score.json:md5,12c32683cdf5ff8ac9f3316236379f01",
                "bestsum_positions.json:md5,f7dc80bf72997f81bd889d77e005c06e",
                "bestsum_species.json:md5,930215526dbf8c3f4af89efe29dcf36a",
                "bestsum_species_cindex.json:md5,e29edfb7604484146598087e63377e15",
                "bestsum_species_positions.json:md5,e786af1d99f99eee7b73248ad71ec521",
                "bestsum_species_score.json:md5,5be4214343d0f1b0466ea0165a6b5e34",
                "bestsum_superkingdom.json:md5,ec5570411cf0fb42d69192401e2fe15b",
                "bestsum_superkingdom_cindex.json:md5,e29edfb7604484146598087e63377e15",
                "bestsum_superkingdom_positions.json:md5,b64d7edafd13647ac54a28401dd8ae8b",
                "bestsum_superkingdom_score.json:md5,e29edfb7604484146598087e63377e15",
                "fcs_gx_action.json:md5,daf4d777154e3e964daca72a26bb41d5",
                "fcs_gx_coverage_by_div.json:md5,10d36275383f9d563b3ff22947f3b020",
                "fcs_gx_coverage_by_tax.json:md5,cb1763fdc1d353d62b6dad64cef75d01",
                "fcs_gx_div.json:md5,de03a0a224470457d22212539beaa843",
                "fcs_gx_score.json:md5,92bab4a26b63fc7c7a1a69202d94387c",
                "fcs_gx_top_tax_name.json:md5,4a140e7a40bda22f411c9464cbb69e29",
                "gc.json:md5,41f2e97b5614d91e30df5a5c719fa61f",
                "identifiers.json:md5,6bf375bd976383d36ac9e2d23ba0394e",
                "length.json:md5,55b2b5ac2b53dbec97d1c6eacfd6269a",
                "ncount.json:md5,b60eb2c2db5900c017ce99d689adff26",
                "nt_kraken_class.json:md5,5d4cfc05f7f814841c229184b114fe54",
                "nt_kraken_domain.json:md5,5d4cfc05f7f814841c229184b114fe54",
                "nt_kraken_family.json:md5,5d4cfc05f7f814841c229184b114fe54",
                "nt_kraken_genus.json:md5,5d4cfc05f7f814841c229184b114fe54",
                "nt_kraken_kingdom.json:md5,5d4cfc05f7f814841c229184b114fe54",
                "nt_kraken_order.json:md5,5d4cfc05f7f814841c229184b114fe54",
                "nt_kraken_phylum.json:md5,5d4cfc05f7f814841c229184b114fe54",
                "nt_kraken_species.json:md5,5d4cfc05f7f814841c229184b114fe54",
                "tiara.json:md5,e886e56e2af86a0f434d92919578a96f",
                "asccTinyTest_V2_MITOBTK_DS.yaml:md5,c8aed8504706e846843590115b947239",
                "gc.json:md5,5e9eaa862517a4fafada54e4f8fa109b",
                "identifiers.json:md5,a8fa6468ed53c0a3fe7ec689f524b8bf",
                "length.json:md5,ee9819c30d44eb747a17e22a52ee0192",
                "ncount.json:md5,db3bfe371d6198e64cade978c5094222",
                "nt_kraken_class.json:md5,f6aaad03d4929f8d7e24a5449ef88d08",
                "nt_kraken_domain.json:md5,f6aaad03d4929f8d7e24a5449ef88d08",
                "nt_kraken_family.json:md5,f6aaad03d4929f8d7e24a5449ef88d08",
                "nt_kraken_genus.json:md5,f6aaad03d4929f8d7e24a5449ef88d08",
                "nt_kraken_kingdom.json:md5,f6aaad03d4929f8d7e24a5449ef88d08",
                "nt_kraken_order.json:md5,f6aaad03d4929f8d7e24a5449ef88d08",
                "nt_kraken_phylum.json:md5,f6aaad03d4929f8d7e24a5449ef88d08",
                "nt_kraken_species.json:md5,f6aaad03d4929f8d7e24a5449ef88d08",
                "tiara.json:md5,af9de4aeec3562a7b58c2042754a822c",
                "asccTinyTest_V2_PRIMARYBTK_DS.yaml:md5,251c4a24225e1f0afa9a6b36e6bc1b7c",
                "bestsum_class.json:md5,26a1c0d48c700a6de894e965ba377b7f",
                "bestsum_class_cindex.json:md5,e29edfb7604484146598087e63377e15",
                "bestsum_class_positions.json:md5,76bed5fb55ece0f63acd5ed8f2de736a",
                "bestsum_class_score.json:md5,12c32683cdf5ff8ac9f3316236379f01",
                "bestsum_family.json:md5,d8c82f68f8045c11bc9c4a2c6dfabfd1",
                "bestsum_family_cindex.json:md5,e29edfb7604484146598087e63377e15",
                "bestsum_family_positions.json:md5,8761fc8dad4cb62b704c4c5c047774af",
                "bestsum_family_score.json:md5,12c32683cdf5ff8ac9f3316236379f01",
                "bestsum_genus.json:md5,e99f7a879d6fe7df0f8f641ca24fb287",
                "bestsum_genus_cindex.json:md5,e29edfb7604484146598087e63377e15",
                "bestsum_genus_positions.json:md5,0c46818373756a0b8ae9b43c42d52e11",
                "bestsum_genus_score.json:md5,5be4214343d0f1b0466ea0165a6b5e34",
                "bestsum_kingdom.json:md5,ec5570411cf0fb42d69192401e2fe15b",
                "bestsum_kingdom_cindex.json:md5,e29edfb7604484146598087e63377e15",
                "bestsum_kingdom_positions.json:md5,b64d7edafd13647ac54a28401dd8ae8b",
                "bestsum_kingdom_score.json:md5,e29edfb7604484146598087e63377e15",
                "bestsum_order.json:md5,bd078e2c6da142924702eb1da6e842bf",
                "bestsum_order_cindex.json:md5,e29edfb7604484146598087e63377e15",
                "bestsum_order_positions.json:md5,3d8d82566739839271828a4bac1e4948",
                "bestsum_order_score.json:md5,12c32683cdf5ff8ac9f3316236379f01",
                "bestsum_phylum.json:md5,1568082e5833ca21323745186dc8dae6",
                "bestsum_phylum_cindex.json:md5,e29edfb7604484146598087e63377e15",
                "bestsum_phylum_positions.json:md5,25efc9dd2aec25adcccf4b195a1aa265",
                "bestsum_phylum_score.json:md5,12c32683cdf5ff8ac9f3316236379f01",
                "bestsum_positions.json:md5,f7dc80bf72997f81bd889d77e005c06e",
                "bestsum_species.json:md5,930215526dbf8c3f4af89efe29dcf36a",
                "bestsum_species_cindex.json:md5,e29edfb7604484146598087e63377e15",
                "bestsum_species_positions.json:md5,e786af1d99f99eee7b73248ad71ec521",
                "bestsum_species_score.json:md5,5be4214343d0f1b0466ea0165a6b5e34",
                "bestsum_superkingdom.json:md5,ec5570411cf0fb42d69192401e2fe15b",
                "bestsum_superkingdom_cindex.json:md5,e29edfb7604484146598087e63377e15",
                "bestsum_superkingdom_positions.json:md5,b64d7edafd13647ac54a28401dd8ae8b",
                "bestsum_superkingdom_score.json:md5,e29edfb7604484146598087e63377e15",
                "fcs_gx_action.json:md5,daf4d777154e3e964daca72a26bb41d5",
                "fcs_gx_coverage_by_div.json:md5,10d36275383f9d563b3ff22947f3b020",
                "fcs_gx_coverage_by_tax.json:md5,cb1763fdc1d353d62b6dad64cef75d01",
                "fcs_gx_div.json:md5,de03a0a224470457d22212539beaa843",
                "fcs_gx_score.json:md5,92bab4a26b63fc7c7a1a69202d94387c",
                "fcs_gx_top_tax_name.json:md5,4a140e7a40bda22f411c9464cbb69e29",
                "gc.json:md5,41f2e97b5614d91e30df5a5c719fa61f",
                "identifiers.json:md5,6bf375bd976383d36ac9e2d23ba0394e",
                "length.json:md5,55b2b5ac2b53dbec97d1c6eacfd6269a",
                "ncount.json:md5,b60eb2c2db5900c017ce99d689adff26",
                "nt_kraken_class.json:md5,5d4cfc05f7f814841c229184b114fe54",
                "nt_kraken_domain.json:md5,5d4cfc05f7f814841c229184b114fe54",
                "nt_kraken_family.json:md5,5d4cfc05f7f814841c229184b114fe54",
                "nt_kraken_genus.json:md5,5d4cfc05f7f814841c229184b114fe54",
                "nt_kraken_kingdom.json:md5,5d4cfc05f7f814841c229184b114fe54",
                "nt_kraken_order.json:md5,5d4cfc05f7f814841c229184b114fe54",
                "nt_kraken_phylum.json:md5,5d4cfc05f7f814841c229184b114fe54",
                "nt_kraken_species.json:md5,5d4cfc05f7f814841c229184b114fe54",
                "tiara.json:md5,e886e56e2af86a0f434d92919578a96f"
            ],
            true,
            [
                "btk_summary_table_full.tsv:md5,b8f5b434a3d93eb72fe0efb58497f479",
                "btk_summary_table_full.tsv:md5,d6d213438165ad36234a9359e6d72291",
                "btk_summary_table_full.tsv:md5,b8f5b434a3d93eb72fe0efb58497f479"
            ],
            true,
            [
                "asccTinyTest_V2_HAPLO_euk.cleaned_sequences.fa.gz:md5,20877d6b104598de175a3fc42e3b1f8f",
                "asccTinyTest_V2_HAPLO_euk.fcs_adaptor_report.txt:md5,5b680f558420be42cae6a68a009d0999",
                "asccTinyTest_V2_HAPLO_euk.pipeline_args.yaml:md5,27a3f834ecdd3cb2e350337a505a309d",
                "asccTinyTest_V2_HAPLO_euk.skipped_trims.jsonl:md5,d41d8cd98f00b204e9800998ecf8427e",
                "asccTinyTest_V2_MITO_euk.fcs_adaptor_report.txt:md5,27375be4671e01d2d2674ddd1d44414a",
                "asccTinyTest_V2_MITO_euk.pipeline_args.yaml:md5,5bc3caa1ff1d451b3f8c5243744fe7b1",
                "asccTinyTest_V2_MITO_euk.skipped_trims.jsonl:md5,d41d8cd98f00b204e9800998ecf8427e",
                "asccTinyTest_V2_PRIMARY_euk.cleaned_sequences.fa.gz:md5,20877d6b104598de175a3fc42e3b1f8f",
                "asccTinyTest_V2_PRIMARY_euk.fcs_adaptor_report.txt:md5,5b680f558420be42cae6a68a009d0999",
                "asccTinyTest_V2_PRIMARY_euk.pipeline_args.yaml:md5,9ce26ec31a9bbbfa8f581e9781380d54",
                "asccTinyTest_V2_PRIMARY_euk.skipped_trims.jsonl:md5,d41d8cd98f00b204e9800998ecf8427e"
            ],
            true,
            [
                "asccTinyTest_V2_HAPLO_prok.cleaned_sequences.fa.gz:md5,20877d6b104598de175a3fc42e3b1f8f",
                "asccTinyTest_V2_HAPLO_prok.fcs_adaptor_report.txt:md5,5b680f558420be42cae6a68a009d0999",
                "asccTinyTest_V2_HAPLO_prok.pipeline_args.yaml:md5,42d128f9989f6d2167720e443530c409",
                "asccTinyTest_V2_HAPLO_prok.skipped_trims.jsonl:md5,d41d8cd98f00b204e9800998ecf8427e",
                "asccTinyTest_V2_MITO_prok.fcs_adaptor_report.txt:md5,27375be4671e01d2d2674ddd1d44414a",
                "asccTinyTest_V2_MITO_prok.pipeline_args.yaml:md5,7ac30af74092cb31eb34261cec8ba642",
                "asccTinyTest_V2_MITO_prok.skipped_trims.jsonl:md5,d41d8cd98f00b204e9800998ecf8427e",
                "asccTinyTest_V2_PRIMARY_prok.cleaned_sequences.fa.gz:md5,20877d6b104598de175a3fc42e3b1f8f",
                "asccTinyTest_V2_PRIMARY_prok.fcs_adaptor_report.txt:md5,5b680f558420be42cae6a68a009d0999",
                "asccTinyTest_V2_PRIMARY_prok.pipeline_args.yaml:md5,fc8a06a94f223dd86e5ca0a4f08e9f8e",
                "asccTinyTest_V2_PRIMARY_prok.skipped_trims.jsonl:md5,d41d8cd98f00b204e9800998ecf8427e"
            ],
            true,
            [
                "asccTinyTest_V2_HAPLO_parsed_fcsgx.csv:md5,eb69fdddfb1922cb5a2a5384867220ff",
                "asccTinyTest_V2_MITO_parsed_fcsgx.csv:md5,ee43b4f252ddc5bb0372a68e210c5d9c",
                "asccTinyTest_V2_PRIMARY_parsed_fcsgx.csv:md5,eb69fdddfb1922cb5a2a5384867220ff"
            ],
            true,
            [
                "asccTinyTest_V2_HAPLO_bc2001_filtered.txt:md5,d41d8cd98f00b204e9800998ecf8427e",
                "asccTinyTest_V2_MITO_bc2001_filtered.txt:md5,d41d8cd98f00b204e9800998ecf8427e",
                "asccTinyTest_V2_PRIMARY_bc2001_filtered.txt:md5,d41d8cd98f00b204e9800998ecf8427e"
            ],
            true,
            [
                "asccTinyTest_V2_HAPLO_bc2009_filtered.txt:md5,d41d8cd98f00b204e9800998ecf8427e",
                "asccTinyTest_V2_MITO_bc2009_filtered.txt:md5,d41d8cd98f00b204e9800998ecf8427e",
                "asccTinyTest_V2_PRIMARY_bc2009_filtered.txt:md5,d41d8cd98f00b204e9800998ecf8427e"
            ],
            true,
            [
                "asccTinyTest_V2_HAPLO_filtered.fasta:md5,839828aa5f7a3db4cc4a9e4c92809fb3",
                "asccTinyTest_V2_MITO_filtered.fasta:md5,8cbf1493af1e2e8e4f2664d652c99e69",
                "asccTinyTest_V2_PRIMARY_filtered.fasta:md5,839828aa5f7a3db4cc4a9e4c92809fb3"
            ],
            true,
            [
                "asccTinyTest_V2_HAPLO-GC_CONTENT.txt:md5,321c77a86b36ea14cfd03d0ed8c96495",
                "asccTinyTest_V2_MITO-GC_CONTENT.txt:md5,08d8605fa4f4bb7685a0b71284bc1880",
                "asccTinyTest_V2_PRIMARY-GC_CONTENT.txt:md5,321c77a86b36ea14cfd03d0ed8c96495"
            ],
            true,
            [
                "asccTinyTest_V2_HAPLO.kraken2.classifiedreads.txt:md5,1ce5b7f3a05fceb7d64a3d61d03a06fa",
                "asccTinyTest_V2_HAPLO.kraken2.report.txt:md5,c2d891afd24333179f401d61ad518923",
                "asccTinyTest_V2_HAPLO_nt_kraken_lineage_file.txt:md5,341d5169b39292fe2244407c521c7342",
                "asccTinyTest_V2_MITO.kraken2.classifiedreads.txt:md5,d40bc88f314a926a4530f3ab905ffcfd",
                "asccTinyTest_V2_MITO.kraken2.report.txt:md5,0b41e9a369f2dcdaaf0b286b963e68d6",
                "asccTinyTest_V2_MITO_nt_kraken_lineage_file.txt:md5,5ab8e70750e7d9261d4047f818b99006",
                "asccTinyTest_V2_PRIMARY.kraken2.classifiedreads.txt:md5,1ce5b7f3a05fceb7d64a3d61d03a06fa",
                "asccTinyTest_V2_PRIMARY.kraken2.report.txt:md5,c2d891afd24333179f401d61ad518923",
                "asccTinyTest_V2_PRIMARY_nt_kraken_lineage_file.txt:md5,341d5169b39292fe2244407c521c7342"
            ],
            true,
            [
                "asccTinyTest_V2_HAPLO.vecscreen_contamination:md5,d41d8cd98f00b204e9800998ecf8427e",
                "asccTinyTest_V2_MITO.vecscreen_contamination:md5,d41d8cd98f00b204e9800998ecf8427e",
                "asccTinyTest_V2_PRIMARY.vecscreen_contamination:md5,d41d8cd98f00b204e9800998ecf8427e"
            ],
            true,
            [
                "asccTinyTest_V2_HAPLO.txt:md5,ead39a6fc65a96890b7674b3962621e6",
                "log_asccTinyTest_V2_HAPLO.txt:md5,21f6ce1f477f06c78d6784323d11243f",
                "asccTinyTest_V2_MITO.txt:md5,af160762acca0cd2c863ae46081e2351",
                "log_asccTinyTest_V2_MITO.txt:md5,c48fd77a87a31c5b66807c9623174781",
                "asccTinyTest_V2_PRIMARY.txt:md5,ead39a6fc65a96890b7674b3962621e6",
                "log_asccTinyTest_V2_PRIMARY.txt:md5,21f6ce1f477f06c78d6784323d11243f"
            ],
            true,
            [
                "asccTinyTest_V2_HAPLO_trim_Ns:md5,d41d8cd98f00b204e9800998ecf8427e",
                "asccTinyTest_V2_MITO_trim_Ns:md5,d41d8cd98f00b204e9800998ecf8427e",
                "asccTinyTest_V2_PRIMARY_trim_Ns:md5,d41d8cd98f00b204e9800998ecf8427e"
            ],
            true,
            true
        ],
        "meta": {
            "nf-test": "0.9.2",
            "nextflow": "25.04.6"
        },
        "timestamp": "2025-09-26T14:19:57.800043262"
    }
}
